exports[`renderLineupScreen snapshot bố cục mặc định của lưới 5x2 1`] = `
Array [
  Object {
    "altAction": null,
    "ariaLabel": "Ô ra trận #1. Ô trống. Chọn nhân vật trong roster rồi nhấp để gán.",
    "avatar": "+",
    "defaultAction": "focus",
    "index": "0",
    "isLocked": false,
    "primaryAction": null,
  },
  Object {
    "altAction": null,
    "ariaLabel": "Ô ra trận #2. Ô trống. Chọn nhân vật trong roster rồi nhấp để gán.",
    "avatar": "+",
    "defaultAction": "focus",
    "index": "1",
    "isLocked": false,
    "primaryAction": null,
  },
  Object {
    "altAction": null,
    "ariaLabel": "Ô ra trận #3. Ô trống. Chọn nhân vật trong roster rồi nhấp để gán.",
    "avatar": "+",
    "defaultAction": "focus",
    "index": "2",
    "isLocked": false,
    "primaryAction": null,
  },
  Object {
    "altAction": null,
    "ariaLabel": "Ô ra trận #4. Đang khóa. Nhấp để mở khóa.",
    "avatar": "🔒",
    "defaultAction": "unlock",
    "index": "3",
    "isLocked": true,
    "primaryAction": "unlock",
  },
  Object {
    "altAction": null,
    "ariaLabel": "Ô ra trận #5. Đang khóa. Nhấp để mở khóa.",
    "avatar": "🔒",
    "defaultAction": "unlock",
    "index": "4",
    "isLocked": true,
    "primaryAction": "unlock",
  },
  Object {
    "altAction": null,
    "ariaLabel": "Ô dự phòng #1. Đang khóa. Nhấp để mở khóa.",
    "avatar": "🔒",
    "defaultAction": "unlock",
    "index": "5",
    "isLocked": true,
    "primaryAction": "unlock",
  },
  Object {
    "altAction": null,
    "ariaLabel": "Ô dự phòng #2. Đang khóa. Nhấp để mở khóa.",
    "avatar": "🔒",
    "defaultAction": "unlock",
    "index": "6",
    "isLocked": true,
    "primaryAction": "unlock",
  },
  Object {
    "altAction": null,
    "ariaLabel": "Ô dự phòng #3. Đang khóa. Nhấp để mở khóa.",
    "avatar": "🔒",
    "defaultAction": "unlock",
    "index": "7",
    "isLocked": true,
    "primaryAction": "unlock",
  },
  Object {
    "altAction": null,
    "ariaLabel": "Ô dự phòng #4. Đang khóa. Nhấp để mở khóa.",
    "avatar": "🔒",
    "defaultAction": "unlock",
    "index": "8",
    "isLocked": true,
    "primaryAction": "unlock",
  },
  Object {
    "altAction": null,
    "ariaLabel": "Ô dự phòng #5. Đang khóa. Nhấp để mở khóa.",
    "avatar": "🔒",
    "defaultAction": "unlock",
    "index": "9",
    "isLocked": true,
    "primaryAction": "unlock",
  },
]
`;
