// Jest Snapshot v1, https://goo.gl/fbAQLP

exports[`renderLineupScreen snapshot bố cục mặc định của lưới 5x2 1`] = `
Array [
  Object {
    "altAction": null,
    "ariaLabel": "Ô ra trận #1. Ô trống. Chọn nhân vật trong roster rồi nhấp để gán.",
    "avatar": "+",
    "defaultAction": "focus",
    "index": "0",
    "isLocked": false,
    "primaryAction": null,
  },
  Object {
    "altAction": null,
    "ariaLabel": "Ô ra trận #2. Ô trống. Chọn nhân vật trong roster rồi nhấp để gán.",
    "avatar": "+",
    "defaultAction": "focus",
    "index": "1",
    "isLocked": false,
    "primaryAction": null,
  },
  Object {
    "altAction": null,
    "ariaLabel": "Ô ra trận #3. Ô trống. Chọn nhân vật trong roster rồi nhấp để gán.",
    "avatar": "+",
    "defaultAction": "focus",
    "index": "2",
    "isLocked": false,
    "primaryAction": null,
  },
  Object {
    "altAction": null,
    "ariaLabel": "Ô ra trận #4. Ô trống. Chọn nhân vật trong roster rồi nhấp để gán.",
    "avatar": "+",
    "defaultAction": "focus",
    "index": "3",
    "isLocked": false,
    "primaryAction": null,
  },
  Object {
    "altAction": null,
    "ariaLabel": "Ô ra trận #5. Ô trống. Chọn nhân vật trong roster rồi nhấp để gán.",
    "avatar": "+",
    "defaultAction": "focus",
    "index": "4",
    "isLocked": false,
    "primaryAction": null,
  },
  Object {
    "altAction": null,
    "ariaLabel": "Ô dự phòng #1. Ô trống. Chọn nhân vật trong roster rồi nhấp để gán.",
    "avatar": "+",
    "defaultAction": "focus",
    "index": "5",
    "isLocked": false,
    "primaryAction": null,
  },
  Object {
    "altAction": null,
    "ariaLabel": "Ô dự phòng #2. Ô trống. Chọn nhân vật trong roster rồi nhấp để gán.",
    "avatar": "+",
    "defaultAction": "focus",g
    "index": "6",
    "isLocked": false,
    "primaryAction": null,
  },
  Object {
    "altAction": null,
    "ariaLabel": "Ô dự phòng #3. Ô trống. Chọn nhân vật trong roster rồi nhấp để gán.",
    "avatar": "+",
    "defaultAction": "focus",
    "index": "7",
    "isLocked": false,
    "primaryAction": null,
  },
  Object {
    "altAction": null,
    "ariaLabel": "Ô dự phòng #4. Ô trống. Chọn nhân vật trong roster rồi nhấp để gán.",
    "avatar": "+",
    "defaultAction": "focus",
    "index": "8",
    "isLocked": false,
    "primaryAction": null,
  },
  Object {
    "altAction": null,
    "ariaLabel": "Ô dự phòng #5. Ô trống. Chọn nhân vật trong roster rồi nhấp để gán.",
    "avatar": "+",
    "defaultAction": "focus",
    "index": "9",
    "isLocked": false,
    "primaryAction": null,
  },
]
`;